2026-08-08 08:48:28,840 | INFO | Processed : 0
2026-08-08 08:48:28,840 | INFO | Failed : 0
2026-08-08 08:53:12,685 | INFO | Processing 1-s2.0-S136-main.pdf
2026-08-08 08:53:12,742 | INFO | 1 batches created
2026-08-08 08:53:12,742 | INFO | Processing batch 1/1
2026-08-08 08:54:46,009 | INFO | Merging markdowns
2026-08-08 08:55:33,044 | INFO | Saved /home/ec2-user/Scalable-FraudTxns-Detection/RAG_Systems/Retreiever_1_research_papers/markdown/Account_Takeover/1-s2.0-S136-main.md
2026-08-08 08:55:33,044 | INFO | Processing 1134.pdf
2026-08-08 08:55:33,074 | INFO | 2 batches created
2026-08-08 08:55:33,074 | INFO | Processing batch 1/2
2026-08-08 08:56:04,595 | INFO | Processing batch 2/2
2026-08-08 08:56:24,705 | INFO | Merging markdowns
2026-08-08 08:57:05,265 | INFO | Saved /home/ec2-user/Scalable-FraudTxns-Detection/RAG_Systems/Retreiever_1_research_papers/markdown/Account_Takeover/1134.md
2026-08-08 08:57:05,265 | INFO | Processing 2506.10842v1.pdf
2026-08-08 08:57:05,367 | INFO | 3 batches created
2026-08-08 08:57:05,367 | INFO | Processing batch 1/3
2026-08-08 08:58:01,315 | INFO | Processing batch 2/3
2026-08-08 08:58:29,724 | INFO | Processing batch 3/3
2026-08-08 08:59:04,630 | INFO | Merging markdowns
2026-08-08 09:00:16,390 | INFO | Saved /home/ec2-user/Scalable-FraudTxns-Detection/RAG_Systems/Retreiever_1_research_papers/markdown/Account_Takeover/2506.10842v1.md
2026-08-08 09:00:16,390 | INFO | Processing 2509.20339v1.pdf
2026-08-08 09:00:16,414 | INFO | 1 batches created
2026-08-08 09:00:16,414 | INFO | Processing batch 1/1
2026-08-08 09:00:53,493 | INFO | Merging markdowns
2026-08-08 09:02:04,554 | INFO | Saved /home/ec2-user/Scalable-FraudTxns-Detection/RAG_Systems/Retreiever_1_research_papers/markdown/Account_Takeover/2509.20339v1.md
2026-08-08 09:02:04,554 | INFO | Processing View of Unsupervised.pdf
2026-08-08 09:02:04,556 | INFO | 2 batches created
2026-08-08 09:02:04,556 | INFO | Processing batch 1/2
2026-08-08 09:02:26,387 | INFO | Processing batch 2/2
2026-08-08 09:02:38,811 | INFO | Merging markdowns
2026-08-08 09:03:04,481 | INFO | Saved /home/ec2-user/Scalable-FraudTxns-Detection/RAG_Systems/Retreiever_1_research_papers/markdown/Account_Takeover/View of Unsupervised.md
2026-08-08 09:03:04,481 | INFO | Processing 2506.10842v1.pdf
2026-08-08 09:03:04,581 | INFO | 3 batches created
2026-08-08 09:03:04,581 | INFO | Processing batch 1/3
2026-08-08 09:03:39,920 | INFO | Processing batch 2/3
2026-08-08 09:04:26,525 | INFO | Processing batch 3/3
2026-08-08 09:04:39,328 | INFO | Merging markdowns
2026-08-08 09:05:23,212 | INFO | Saved /home/ec2-user/Scalable-FraudTxns-Detection/RAG_Systems/Retreiever_1_research_papers/markdown/Merchant_Fraud/2506.10842v1.md
2026-08-08 09:05:23,213 | INFO | Processing 2509.09928v1.pdf
2026-08-08 09:05:23,241 | INFO | 1 batches created
2026-08-08 09:05:23,241 | INFO | Processing batch 1/1
2026-08-08 09:06:04,443 | INFO | Merging markdowns
2026-08-08 09:06:41,241 | INFO | Saved /home/ec2-user/Scalable-FraudTxns-Detection/RAG_Systems/Retreiever_1_research_papers/markdown/Merchant_Fraud/2509.09928v1.md
2026-08-08 09:06:41,241 | INFO | Processing 2509.18719v1.pdf
2026-08-08 09:06:41,301 | INFO | 2 batches created
2026-08-08 09:06:41,301 | INFO | Processing batch 1/2
2026-08-08 09:07:10,003 | INFO | Processing batch 2/2
2026-08-08 09:07:42,990 | INFO | Merging markdowns
2026-08-08 09:08:34,519 | INFO | Saved /home/ec2-user/Scalable-FraudTxns-Detection/RAG_Systems/Retreiever_1_research_papers/markdown/Merchant_Fraud/2509.18719v1.md
2026-08-08 09:08:34,519 | INFO | Processing jrfm-18-00130.pdf
2026-08-08 09:08:34,586 | INFO | 3 batches created
2026-08-08 09:08:34,586 | INFO | Processing batch 1/3
2026-08-08 09:09:03,542 | INFO | Processing batch 2/3
2026-08-08 09:09:31,422 | INFO | Processing batch 3/3
2026-08-08 09:09:54,721 | INFO | Merging markdowns
2026-08-08 09:11:14,065 | INFO | Saved /home/ec2-user/Scalable-FraudTxns-Detection/RAG_Systems/Retreiever_1_research_papers/markdown/Merchant_Fraud/jrfm-18-00130.md
2026-08-08 09:11:14,065 | INFO | Processing s41598-023-38304-5.pdf
2026-08-08 09:11:14,171 | INFO | 2 batches created
2026-08-08 09:11:14,171 | INFO | Processing batch 1/2
2026-08-08 09:12:05,763 | INFO | Processing batch 2/2
2026-08-08 09:12:38,915 | INFO | Merging markdowns
2026-08-08 09:13:36,863 | INFO | Saved /home/ec2-user/Scalable-FraudTxns-Detection/RAG_Systems/Retreiever_1_research_papers/markdown/Merchant_Fraud/s41598-023-38304-5.md
2026-08-08 09:13:36,863 | INFO | Processing 1-s2.0-S016686-main.pdf
2026-08-08 09:13:36,934 | INFO | 2 batches created
2026-08-08 09:13:36,935 | INFO | Processing batch 1/2
2026-08-08 09:14:13,300 | INFO | Processing batch 2/2
2026-08-08 09:14:44,603 | INFO | Merging markdowns
2026-08-08 09:15:33,634 | INFO | Saved /home/ec2-user/Scalable-FraudTxns-Detection/RAG_Systems/Retreiever_1_research_papers/markdown/Social_Engineering/1-s2.0-S016686-main.md
2026-08-08 09:15:33,634 | INFO | Processing 2110.06487v1.pdf
2026-08-08 09:15:33,711 | INFO | 3 batches created
2026-08-08 09:15:33,711 | INFO | Processing batch 1/3
2026-08-08 09:16:09,245 | INFO | Processing batch 2/3
2026-08-08 09:16:54,784 | INFO | Processing batch 3/3
2026-08-08 09:17:23,724 | INFO | Merging markdowns
2026-08-08 09:18:13,053 | INFO | Saved /home/ec2-user/Scalable-FraudTxns-Detection/RAG_Systems/Retreiever_1_research_papers/markdown/Social_Engineering/2110.06487v1.md
2026-08-08 09:18:13,053 | INFO | Processing 2601.13581v1.pdf
2026-08-08 09:18:13,149 | INFO | 4 batches created
2026-08-08 09:18:13,149 | INFO | Processing batch 1/4
2026-08-08 09:18:43,696 | INFO | Processing batch 2/4
2026-08-08 09:19:25,476 | INFO | Processing batch 3/4
2026-08-08 09:19:50,478 | INFO | Processing batch 4/4
2026-08-08 09:20:10,902 | INFO | Merging markdowns
2026-08-08 09:20:58,249 | INFO | Saved /home/ec2-user/Scalable-FraudTxns-Detection/RAG_Systems/Retreiever_1_research_papers/markdown/Social_Engineering/2601.13581v1.md
2026-08-08 09:20:58,249 | INFO | Processing 2604.11752v1.pdf
2026-08-08 09:20:58,286 | INFO | 1 batches created
2026-08-08 09:20:58,286 | INFO | Processing batch 1/1
2026-08-08 09:21:27,390 | INFO | Merging markdowns
2026-08-08 09:22:02,556 | INFO | Saved /home/ec2-user/Scalable-FraudTxns-Detection/RAG_Systems/Retreiever_1_research_papers/markdown/Social_Engineering/2604.11752v1.md
2026-08-08 09:22:02,556 | INFO | Processing 41598_2023_Article_37552.pdf
2026-08-08 09:22:02,658 | INFO | 2 batches created
2026-08-08 09:22:02,658 | INFO | Processing batch 1/2
2026-08-08 09:22:50,231 | INFO | Processing batch 2/2
2026-08-08 09:23:21,693 | INFO | Merging markdowns
2026-08-08 09:24:16,031 | INFO | Saved /home/ec2-user/Scalable-FraudTxns-Detection/RAG_Systems/Retreiever_1_research_papers/markdown/Social_Engineering/41598_2023_Article_37552.md
2026-08-08 09:24:16,031 | INFO | Processing 1a.pdf
2026-08-08 09:24:16,065 | INFO | 1 batches created
2026-08-08 09:24:16,066 | INFO | Processing batch 1/1
2026-08-08 09:24:38,922 | INFO | Merging markdowns
2026-08-08 09:25:10,128 | INFO | Saved /home/ec2-user/Scalable-FraudTxns-Detection/RAG_Systems/Retreiever_1_research_papers/markdown/Synthetic_Data/1a.md
2026-08-08 09:25:10,128 | INFO | Processing Detecting_Synthetic_.pdf
2026-08-08 09:25:10,171 | INFO | 1 batches created
2026-08-08 09:25:10,171 | INFO | Processing batch 1/1
2026-08-08 09:25:44,172 | INFO | Merging markdowns
2026-08-08 09:26:35,891 | INFO | Saved /home/ec2-user/Scalable-FraudTxns-Detection/RAG_Systems/Retreiever_1_research_papers/markdown/Synthetic_Data/Detecting_Synthetic_.md
2026-08-08 09:26:35,891 | INFO | Processing IJERET-V4I4P105.pdf
2026-08-08 09:26:35,958 | INFO | 2 batches created
2026-08-08 09:26:35,958 | INFO | Processing batch 1/2
2026-08-08 09:27:04,878 | INFO | Processing batch 2/2
2026-08-08 09:27:31,874 | INFO | Merging markdowns
2026-08-08 09:28:01,685 | INFO | Saved /home/ec2-user/Scalable-FraudTxns-Detection/RAG_Systems/Retreiever_1_research_papers/markdown/Synthetic_Data/IJERET-V4I4P105.md
2026-08-08 09:28:01,685 | INFO | Processing SyntheticDataGenerationUsi.pdf
2026-08-08 09:28:01,789 | INFO | 3 batches created
2026-08-08 09:28:01,789 | INFO | Processing batch 1/3
2026-08-08 09:28:37,053 | INFO | Processing batch 2/3
2026-08-08 09:29:07,684 | INFO | Processing batch 3/3
2026-08-08 09:30:03,209 | INFO | Merging markdowns
2026-08-08 09:30:35,900 | INFO | Saved /home/ec2-user/Scalable-FraudTxns-Detection/RAG_Systems/Retreiever_1_research_papers/markdown/Synthetic_Data/SyntheticDataGenerationUsi.md
2026-08-08 09:30:35,900 | INFO | Processing ssrn-5353731.pdf
2026-08-08 09:30:35,937 | INFO | 2 batches created
2026-08-08 09:30:35,937 | INFO | Processing batch 1/2
2026-08-08 09:31:06,229 | INFO | Processing batch 2/2
2026-08-08 09:31:44,521 | INFO | Merging markdowns
2026-08-08 09:32:36,052 | INFO | Saved /home/ec2-user/Scalable-FraudTxns-Detection/RAG_Systems/Retreiever_1_research_papers/markdown/Synthetic_Data/ssrn-5353731.md
2026-08-08 09:32:36,052 | INFO | Processing IJCRT2412897.pdf
2026-08-08 09:32:36,085 | INFO | 1 batches created
2026-08-08 09:32:36,085 | INFO | Processing batch 1/1
2026-08-08 09:33:08,780 | INFO | Merging markdowns
2026-08-08 09:34:12,903 | INFO | Saved /home/ec2-user/Scalable-FraudTxns-Detection/RAG_Systems/Retreiever_1_research_papers/markdown/UPI_Fraud/IJCRT2412897.md
2026-08-08 09:34:12,904 | INFO | Processing IJRTI2510035.pdf
2026-08-08 09:34:12,942 | INFO | 1 batches created
2026-08-08 09:34:12,942 | INFO | Processing batch 1/1
2026-08-08 09:34:46,862 | INFO | Merging markdowns
2026-08-08 09:35:18,735 | INFO | Saved /home/ec2-user/Scalable-FraudTxns-Detection/RAG_Systems/Retreiever_1_research_papers/markdown/UPI_Fraud/IJRTI2510035.md
2026-08-08 09:35:18,736 | INFO | Processing a-comprehensive-survey-on-machine-learning-tech.pdf
2026-08-08 09:35:18,799 | INFO | 2 batches created
2026-08-08 09:35:18,799 | INFO | Processing batch 1/2
2026-08-08 09:36:01,360 | INFO | Processing batch 2/2
2026-08-08 09:36:38,796 | INFO | Merging markdowns
2026-08-08 09:37:33,167 | INFO | Saved /home/ec2-user/Scalable-FraudTxns-Detection/RAG_Systems/Retreiever_1_research_papers/markdown/UPI_Fraud/a-comprehensive-survey-on-machine-learning-tech.md
2026-08-08 09:37:33,167 | INFO | Processed : 23
2026-08-08 09:37:33,167 | INFO | Failed : 0
